<html>
<body>
<pre>
<h1>µVision Build Log</h1>
<h2>Tool Versions:</h2>
IDE-Version: µVision V5.24.2.0
Copyright (C) 2017 ARM Ltd and ARM Germany GmbH. All rights reserved.
License Information: Ihar Shymanski, Bsuir, LIC=----
 
Tool Versions:
Toolchain:       MDK-Lite  Version: 5.24.1
Toolchain Path:  C:\Keil_v5\ARM\ARMCC\Bin
C Compiler:      Armcc.exe V5.06 update 5 (build 528)
Assembler:       Armasm.exe V5.06 update 5 (build 528)
Linker/Locator:  ArmLink.exe V5.06 update 5 (build 528)
Library Manager: ArmAr.exe V5.06 update 5 (build 528)
Hex Converter:   FromElf.exe V5.06 update 5 (build 528)
CPU DLL:         SARMCM3.DLL V5.24.1
Dialog DLL:      DCM.DLL V1.16.0.0
Target DLL:      STLink\ST-LINKIII-KEIL_SWO.dll V3.0.1.0
Dialog DLL:      TCM.DLL V1.32.0.0
 
<h2>Project:</h2>
D:\git\Spider_v3\MDK-ARM\Spider_v3.uvprojx
Project File Date:  01/17/2022

<h2>Output:</h2>
*** Using Compiler 'V5.06 update 5 (build 528)', folder: 'C:\Keil_v5\ARM\ARMCC\Bin'
Build target 'Spider_v3'
creating preprocessor file for stm32f7xx_hal_cortex.c...
creating preprocessor file for stm32f7xx_hal_flash_ex.c...
creating preprocessor file for stm32f7xx_hal_tim_ex.c...
creating preprocessor file for stm32f7xx_hal.c...
creating preprocessor file for stm32f7xx_hal_flash.c...
creating preprocessor file for stm32f7xx_hal_dma.c...
creating preprocessor file for stm32f7xx_hal_rcc_ex.c...
creating preprocessor file for stm32f7xx_hal_tim.c...
creating preprocessor file for stm32f7xx_hal_dma_ex.c...
creating preprocessor file for stm32f7xx_hal_rcc.c...
creating preprocessor file for stm32f7xx_hal_gpio.c...
creating preprocessor file for stm32f7xx_hal_pwr.c...
creating preprocessor file for stm32f7xx_hal_i2c.c...
creating preprocessor file for stm32f7xx_hal_i2c_ex.c...
creating preprocessor file for stm32f7xx_hal_pwr_ex.c...
creating preprocessor file for stm32f7xx_hal_uart.c...
creating preprocessor file for system_stm32f7xx.c...
creating preprocessor file for stm32f7xx_hal_msp.c...
creating preprocessor file for main.c...
creating preprocessor file for stm32f7xx_it.c...
creating preprocessor file for freertos.c...
creating preprocessor file for stm32f7xx_hal_timebase_TIM.c...
creating preprocessor file for spider_main.c...
creating preprocessor file for debug_utils.c...
creating preprocessor file for cmsis_os.c...
creating preprocessor file for heap_4.c...
creating preprocessor file for timers.c...
creating preprocessor file for croutine.c...
creating preprocessor file for event_groups.c...
creating preprocessor file for list.c...
creating preprocessor file for tasks.c...
creating preprocessor file for port.c...
creating preprocessor file for queue.c...
creating preprocessor file for drv_servo.c...
compiling drv_servo.c...
linking...
Program Size: Code=17332 RO-data=764 RW-data=140 ZI-data=16988  
".\out\Spider_v3.axf" - 0 Error(s), 0 Warning(s).

<h2>Software Packages used:</h2>

Package Vendor: ARM
                http://www.keil.com/pack/ARM.CMSIS.5.0.1.pack
                ARM.CMSIS.5.0.1
                CMSIS (Cortex Microcontroller Software Interface Standard)
   * Component: CORE Version: 5.0.1

Package Vendor: Keil
                http://www.keil.com/pack/Keil.STM32F7xx_DFP.2.11.0.pack
                Keil.STM32F7xx_DFP.2.11.0
                STMicroelectronics STM32F7 Series Device Support, Drivers and Examples

<h2>Collection of Component include folders:</h2>
  .\RTE\_Spider_v3
  C:\Keil_v5\ARM\PACK\ARM\CMSIS\5.0.1\CMSIS\Include
  C:\Keil_v5\ARM\PACK\Keil\STM32F7xx_DFP\2.11.0\Drivers\CMSIS\Device\ST\STM32F7xx\Include

<h2>Collection of Component Files used:</h2>

   * Component: ARM::CMSIS:CORE:5.0.1
Build Time Elapsed:  00:00:13
</pre>
</body>
</html>
